****                   ADMIXTURE Version 1.3.0                  ****
****                    Copyright 2008-2015                     ****
****           David Alexander, Suyash Shringarpure,            ****
****                John  Novembre, Ken Lange                   ****
****                                                            ****
****                 Please cite our paper!                     ****
****   Information at www.genetics.ucla.edu/software/admixture  ****

Cross-validation will be performed.  Folds=5.
Random seed: 43
Point estimation method: Block relaxation algorithm
Convergence acceleration algorithm: QuasiNewton, 3 secant conditions
Point estimation will terminate when objective function delta < 0.0001
Estimation of standard errors disabled; will compute point estimates only.
Size of G: 2010x45599
Performing five EM steps to prime main algorithm
1 (EM) 	Elapsed: 24.823	Loglikelihood: -4.74302e+07	(delta): 8.04641e+07
2 (EM) 	Elapsed: 24.645	Loglikelihood: -4.52382e+07	(delta): 2.19198e+06
3 (EM) 	Elapsed: 24.866	Loglikelihood: -4.49398e+07	(delta): 298392
4 (EM) 	Elapsed: 24.71	Loglikelihood: -4.47831e+07	(delta): 156722
5 (EM) 	Elapsed: 24.563	Loglikelihood: -4.46665e+07	(delta): 116578
Initial loglikelihood: -4.46665e+07
Starting main algorithm
1 (QN/Block) 	Elapsed: 52.574	Loglikelihood: -4.31205e+07	(delta): 1.54603e+06
2 (QN/Block) 	Elapsed: 52.241	Loglikelihood: -4.26988e+07	(delta): 421719
3 (QN/Block) 	Elapsed: 54.069	Loglikelihood: -4.25686e+07	(delta): 130141
4 (QN/Block) 	Elapsed: 53.843	Loglikelihood: -4.25035e+07	(delta): 65081.5
5 (QN/Block) 	Elapsed: 53.903	Loglikelihood: -4.24756e+07	(delta): 27903.3
6 (QN/Block) 	Elapsed: 54.023	Loglikelihood: -4.24561e+07	(delta): 19583.4
7 (QN/Block) 	Elapsed: 54.89	Loglikelihood: -4.24471e+07	(delta): 8921.86
8 (QN/Block) 	Elapsed: 55.323	Loglikelihood: -4.24411e+07	(delta): 6064.72
9 (QN/Block) 	Elapsed: 56.067	Loglikelihood: -4.24377e+07	(delta): 3405.9
10 (QN/Block) 	Elapsed: 56.459	Loglikelihood: -4.24355e+07	(delta): 2164.86
11 (QN/Block) 	Elapsed: 56.31	Loglikelihood: -4.24346e+07	(delta): 918.46
12 (QN/Block) 	Elapsed: 54.498	Loglikelihood: -4.24341e+07	(delta): 450.307
13 (QN/Block) 	Elapsed: 56.175	Loglikelihood: -4.24339e+07	(delta): 269.657
14 (QN/Block) 	Elapsed: 55.883	Loglikelihood: -4.24337e+07	(delta): 157.46
15 (QN/Block) 	Elapsed: 57.815	Loglikelihood: -4.24336e+07	(delta): 107.486
16 (QN/Block) 	Elapsed: 55.193	Loglikelihood: -4.24335e+07	(delta): 84.8746
17 (QN/Block) 	Elapsed: 55.184	Loglikelihood: -4.24335e+07	(delta): 54.8735
18 (QN/Block) 	Elapsed: 54.229	Loglikelihood: -4.24334e+07	(delta): 74.2643
19 (QN/Block) 	Elapsed: 54.022	Loglikelihood: -4.24333e+07	(delta): 79.4838
20 (QN/Block) 	Elapsed: 54.599	Loglikelihood: -4.24332e+07	(delta): 60.4646
21 (QN/Block) 	Elapsed: 54.493	Loglikelihood: -4.24332e+07	(delta): 20.6108
22 (QN/Block) 	Elapsed: 54.429	Loglikelihood: -4.24332e+07	(delta): 7.49403
23 (QN/Block) 	Elapsed: 54.724	Loglikelihood: -4.24332e+07	(delta): 2.67245
24 (QN/Block) 	Elapsed: 54.069	Loglikelihood: -4.24332e+07	(delta): 2.09234
25 (QN/Block) 	Elapsed: 55.336	Loglikelihood: -4.24332e+07	(delta): 0.514618
26 (QN/Block) 	Elapsed: 54.205	Loglikelihood: -4.24332e+07	(delta): 0.145882
27 (QN/Block) 	Elapsed: 54.031	Loglikelihood: -4.24332e+07	(delta): 0.0620967
28 (QN/Block) 	Elapsed: 56.746	Loglikelihood: -4.24332e+07	(delta): 0.0266391
29 (QN/Block) 	Elapsed: 55.507	Loglikelihood: -4.24332e+07	(delta): 0.00905422
30 (QN/Block) 	Elapsed: 54.266	Loglikelihood: -4.24332e+07	(delta): 0.0110573
31 (QN/Block) 	Elapsed: 54.538	Loglikelihood: -4.24332e+07	(delta): 0.000752859
32 (QN/Block) 	Elapsed: 54.695	Loglikelihood: -4.24332e+07	(delta): 0.000151441
33 (QN/Block) 	Elapsed: 54.566	Loglikelihood: -4.24332e+07	(delta): 3.99277e-05
Summary: 
Converged in 33 iterations (1987.98 sec)
Loglikelihood: -42433214.311293
Fst divergences between estimated populations: 
	Pop0	Pop1	Pop2	Pop3	Pop4	Pop5	Pop6	
Pop0	
Pop1	0.047	
Pop2	0.066	0.051	
Pop3	0.037	0.060	0.076	
Pop4	0.097	0.118	0.134	0.079	
Pop5	0.058	0.080	0.091	0.061	0.116	
Pop6	0.074	0.097	0.113	0.051	0.077	0.089	
Pop7	0.067	0.069	0.073	0.073	0.130	0.093	0.107	
CV error (K=8): 0.29129
Writing output files.
