****                   ADMIXTURE Version 1.3.0                  ****
****                    Copyright 2008-2015                     ****
****           David Alexander, Suyash Shringarpure,            ****
****                John  Novembre, Ken Lange                   ****
****                                                            ****
****                 Please cite our paper!                     ****
****   Information at www.genetics.ucla.edu/software/admixture  ****

Cross-validation will be performed.  Folds=5.
Random seed: 43
Point estimation method: Block relaxation algorithm
Convergence acceleration algorithm: QuasiNewton, 3 secant conditions
Point estimation will terminate when objective function delta < 0.0001
Estimation of standard errors disabled; will compute point estimates only.
Size of G: 2010x45599
Performing five EM steps to prime main algorithm
1 (EM) 	Elapsed: 20.162	Loglikelihood: -4.7447e+07	(delta): 8.516e+07
2 (EM) 	Elapsed: 17.516	Loglikelihood: -4.53427e+07	(delta): 2.10432e+06
3 (EM) 	Elapsed: 16.75	Loglikelihood: -4.49816e+07	(delta): 361104
4 (EM) 	Elapsed: 18.605	Loglikelihood: -4.47793e+07	(delta): 202311
5 (EM) 	Elapsed: 20.299	Loglikelihood: -4.4635e+07	(delta): 144269
Initial loglikelihood: -4.4635e+07
Starting main algorithm
1 (QN/Block) 	Elapsed: 40.154	Loglikelihood: -4.3309e+07	(delta): 1.32605e+06
2 (QN/Block) 	Elapsed: 38.644	Loglikelihood: -4.29462e+07	(delta): 362731
3 (QN/Block) 	Elapsed: 40.883	Loglikelihood: -4.28309e+07	(delta): 115377
4 (QN/Block) 	Elapsed: 41.113	Loglikelihood: -4.27894e+07	(delta): 41433.4
5 (QN/Block) 	Elapsed: 40.47	Loglikelihood: -4.27689e+07	(delta): 20520
6 (QN/Block) 	Elapsed: 42.889	Loglikelihood: -4.27598e+07	(delta): 9137.17
7 (QN/Block) 	Elapsed: 43.357	Loglikelihood: -4.27555e+07	(delta): 4285.76
8 (QN/Block) 	Elapsed: 40.393	Loglikelihood: -4.27528e+07	(delta): 2642.07
9 (QN/Block) 	Elapsed: 41.255	Loglikelihood: -4.27506e+07	(delta): 2201.6
10 (QN/Block) 	Elapsed: 42.412	Loglikelihood: -4.27492e+07	(delta): 1429.53
11 (QN/Block) 	Elapsed: 46.79	Loglikelihood: -4.27488e+07	(delta): 439.408
12 (QN/Block) 	Elapsed: 41.884	Loglikelihood: -4.27486e+07	(delta): 133.005
13 (QN/Block) 	Elapsed: 37.53	Loglikelihood: -4.27486e+07	(delta): 37.3788
14 (QN/Block) 	Elapsed: 40.019	Loglikelihood: -4.27486e+07	(delta): 11.7819
15 (QN/Block) 	Elapsed: 53.108	Loglikelihood: -4.27486e+07	(delta): 2.06637
16 (QN/Block) 	Elapsed: 39.724	Loglikelihood: -4.27486e+07	(delta): 0.326804
17 (QN/Block) 	Elapsed: 39.568	Loglikelihood: -4.27486e+07	(delta): 0.0968423
18 (QN/Block) 	Elapsed: 40.568	Loglikelihood: -4.27486e+07	(delta): 0.0904656
19 (QN/Block) 	Elapsed: 45.123	Loglikelihood: -4.27486e+07	(delta): 0.00435935
20 (QN/Block) 	Elapsed: 42.687	Loglikelihood: -4.27486e+07	(delta): 0.000870556
21 (QN/Block) 	Elapsed: 41	Loglikelihood: -4.27486e+07	(delta): 0.000140078
22 (QN/Block) 	Elapsed: 44.645	Loglikelihood: -4.27486e+07	(delta): 4.65661e-05
Summary: 
Converged in 22 iterations (1053.62 sec)
Loglikelihood: -42748594.333320
Fst divergences between estimated populations: 
	Pop0	Pop1	Pop2	Pop3	
Pop0	
Pop1	0.076	
Pop2	0.072	0.096	
Pop3	0.051	0.079	0.035	
Pop4	0.099	0.120	0.051	0.061	
CV error (K=5): 0.29324
Writing output files.
