****                   ADMIXTURE Version 1.3.0                  ****
****                    Copyright 2008-2015                     ****
****           David Alexander, Suyash Shringarpure,            ****
****                John  Novembre, Ken Lange                   ****
****                                                            ****
****                 Please cite our paper!                     ****
****   Information at www.genetics.ucla.edu/software/admixture  ****

Cross-validation will be performed.  Folds=5.
Random seed: 43
Point estimation method: Block relaxation algorithm
Convergence acceleration algorithm: QuasiNewton, 3 secant conditions
Point estimation will terminate when objective function delta < 0.0001
Estimation of standard errors disabled; will compute point estimates only.
Size of G: 2010x45599
Performing five EM steps to prime main algorithm
1 (EM) 	Elapsed: 14.727	Loglikelihood: -4.73634e+07	(delta): 8.77801e+07
2 (EM) 	Elapsed: 14.756	Loglikelihood: -4.53453e+07	(delta): 2.01812e+06
3 (EM) 	Elapsed: 17.158	Loglikelihood: -4.49517e+07	(delta): 393600
4 (EM) 	Elapsed: 15.973	Loglikelihood: -4.47295e+07	(delta): 222210
5 (EM) 	Elapsed: 14.922	Loglikelihood: -4.45766e+07	(delta): 152898
Initial loglikelihood: -4.45766e+07
Starting main algorithm
1 (QN/Block) 	Elapsed: 31.566	Loglikelihood: -4.33571e+07	(delta): 1.21944e+06
2 (QN/Block) 	Elapsed: 31.677	Loglikelihood: -4.30179e+07	(delta): 339264
3 (QN/Block) 	Elapsed: 42.788	Loglikelihood: -4.29375e+07	(delta): 80390.4
4 (QN/Block) 	Elapsed: 42.719	Loglikelihood: -4.2885e+07	(delta): 52448.6
5 (QN/Block) 	Elapsed: 44.741	Loglikelihood: -4.28727e+07	(delta): 12384.4
6 (QN/Block) 	Elapsed: 39.163	Loglikelihood: -4.28685e+07	(delta): 4154.13
7 (QN/Block) 	Elapsed: 40.366	Loglikelihood: -4.28674e+07	(delta): 1066.92
8 (QN/Block) 	Elapsed: 42.911	Loglikelihood: -4.2867e+07	(delta): 386.946
9 (QN/Block) 	Elapsed: 37.452	Loglikelihood: -4.28669e+07	(delta): 162.705
10 (QN/Block) 	Elapsed: 34.712	Loglikelihood: -4.28668e+07	(delta): 109.261
11 (QN/Block) 	Elapsed: 35.635	Loglikelihood: -4.28667e+07	(delta): 66.4004
12 (QN/Block) 	Elapsed: 39.015	Loglikelihood: -4.28667e+07	(delta): 25.8897
13 (QN/Block) 	Elapsed: 39.651	Loglikelihood: -4.28667e+07	(delta): 5.71146
14 (QN/Block) 	Elapsed: 41.165	Loglikelihood: -4.28667e+07	(delta): 1.66563
15 (QN/Block) 	Elapsed: 43.882	Loglikelihood: -4.28667e+07	(delta): 1.0998
16 (QN/Block) 	Elapsed: 44.154	Loglikelihood: -4.28667e+07	(delta): 0.656828
17 (QN/Block) 	Elapsed: 42.669	Loglikelihood: -4.28667e+07	(delta): 0.251103
18 (QN/Block) 	Elapsed: 44.625	Loglikelihood: -4.28667e+07	(delta): 0.0627436
19 (QN/Block) 	Elapsed: 41.622	Loglikelihood: -4.28667e+07	(delta): 0.0323109
20 (QN/Block) 	Elapsed: 39.988	Loglikelihood: -4.28667e+07	(delta): 0.012607
21 (QN/Block) 	Elapsed: 41.448	Loglikelihood: -4.28667e+07	(delta): 0.00442679
22 (QN/Block) 	Elapsed: 39.872	Loglikelihood: -4.28667e+07	(delta): 0.000783473
23 (QN/Block) 	Elapsed: 34.13	Loglikelihood: -4.28667e+07	(delta): 0.000366665
24 (QN/Block) 	Elapsed: 37.854	Loglikelihood: -4.28667e+07	(delta): 6.07744e-05
Summary: 
Converged in 24 iterations (1066.5 sec)
Loglikelihood: -42866675.036776
Fst divergences between estimated populations: 
	Pop0	Pop1	Pop2	
Pop0	
Pop1	0.035	
Pop2	0.069	0.047	
Pop3	0.051	0.061	0.096	
CV error (K=4): 0.29417
Writing output files.
