****                   ADMIXTURE Version 1.3.0                  ****
****                    Copyright 2008-2015                     ****
****           David Alexander, Suyash Shringarpure,            ****
****                John  Novembre, Ken Lange                   ****
****                                                            ****
****                 Please cite our paper!                     ****
****   Information at www.genetics.ucla.edu/software/admixture  ****

Cross-validation will be performed.  Folds=5.
Random seed: 43
Point estimation method: Block relaxation algorithm
Convergence acceleration algorithm: QuasiNewton, 3 secant conditions
Point estimation will terminate when objective function delta < 0.0001
Estimation of standard errors disabled; will compute point estimates only.
Size of G: 2010x45599
Performing five EM steps to prime main algorithm
1 (EM) 	Elapsed: 15.657	Loglikelihood: -4.71267e+07	(delta): 9.31131e+07
2 (EM) 	Elapsed: 12.726	Loglikelihood: -4.52399e+07	(delta): 1.88677e+06
3 (EM) 	Elapsed: 12.742	Loglikelihood: -4.48296e+07	(delta): 410294
4 (EM) 	Elapsed: 13.735	Loglikelihood: -4.46006e+07	(delta): 229014
5 (EM) 	Elapsed: 13.742	Loglikelihood: -4.44561e+07	(delta): 144503
Initial loglikelihood: -4.44561e+07
Starting main algorithm
1 (QN/Block) 	Elapsed: 29.919	Loglikelihood: -4.34968e+07	(delta): 959250
2 (QN/Block) 	Elapsed: 29.172	Loglikelihood: -4.31497e+07	(delta): 347162
3 (QN/Block) 	Elapsed: 32.303	Loglikelihood: -4.30448e+07	(delta): 104892
4 (QN/Block) 	Elapsed: 30.53	Loglikelihood: -4.2995e+07	(delta): 49761.6
5 (QN/Block) 	Elapsed: 30.842	Loglikelihood: -4.29859e+07	(delta): 9181.22
6 (QN/Block) 	Elapsed: 37.589	Loglikelihood: -4.29849e+07	(delta): 962.295
7 (QN/Block) 	Elapsed: 28.07	Loglikelihood: -4.29845e+07	(delta): 403.405
8 (QN/Block) 	Elapsed: 28.578	Loglikelihood: -4.29843e+07	(delta): 149.795
9 (QN/Block) 	Elapsed: 27.26	Loglikelihood: -4.29843e+07	(delta): 47.4604
10 (QN/Block) 	Elapsed: 26.999	Loglikelihood: -4.29843e+07	(delta): 11.1834
11 (QN/Block) 	Elapsed: 27.311	Loglikelihood: -4.29843e+07	(delta): 4.00233
12 (QN/Block) 	Elapsed: 26.995	Loglikelihood: -4.29843e+07	(delta): 1.44756
13 (QN/Block) 	Elapsed: 27.65	Loglikelihood: -4.29843e+07	(delta): 0.302792
14 (QN/Block) 	Elapsed: 31.172	Loglikelihood: -4.29843e+07	(delta): 0.0365237
15 (QN/Block) 	Elapsed: 31.753	Loglikelihood: -4.29843e+07	(delta): 0.00342809
16 (QN/Block) 	Elapsed: 28.328	Loglikelihood: -4.29843e+07	(delta): 0.000472277
17 (QN/Block) 	Elapsed: 28.187	Loglikelihood: -4.29843e+07	(delta): 3.23951e-05
Summary: 
Converged in 17 iterations (594.271 sec)
Loglikelihood: -42984271.952244
Fst divergences between estimated populations: 
	Pop0	Pop1	
Pop0	
Pop1	0.091	
Pop2	0.047	0.059	
CV error (K=3): 0.29495
Writing output files.
